// 重构日志: cd0b7406
// 重构日志: 5ce212ea
// 重构日志: 41a94515
// 同步 ID: 933e2db2 @ Sun Jul 19 11:51:09 UTC 2026
// 同步 ID: e198738f @ Mon Jul 20 11:02:28 UTC 2026
// 重构日志: 5e36b239
// 重构日志: 7b36ae44
// 重构日志: d89b37a0
// 重构日志: fd2fc97a
// 重构日志: fc730e69
// 重构日志: ae47666e
// 重构日志: 7ce0cc6c
// 重构日志: 45d583b9
// 同步 ID: a9e3f32a @ Tue Jul 28 01:34:08 UTC 2026
// 同步 ID: ff99f87d @ Tue Jul 28 11:46:00 UTC 2026
// 重构日志: 8629bfee
// 重构日志: 4a7821c7
// 重构日志: 6d22b548
// 重构日志: 3bdd5d77
// 同步 ID: 9e5fedee @ Thu Jul 30 12:17:22 UTC 2026
// 重构日志: cdc49497
// 同步 ID: 5bd2e39f @ Fri Jul 31 05:48:16 UTC 2026
// 同步 ID: 56af3fcc @ Fri Jul 31 17:41:08 UTC 2026
// 重构日志: 095bc50a
// 重构日志: 0eb0032d
// 重构日志: 9abf063b
// 重构日志: 7fda2e7f
// 重构日志: 6c14f1b0
// 重构日志: 630a65bd
// 同步 ID: 67f63891 @ Sun Aug  2 15:02:28 UTC 2026
// 重构日志: a80fe63e
// 重构日志: e7beba87
// 重构日志: b8171f8a
// 重构日志: fb14811c
